
> auditforge@0.1.0 build
> next build

   Γû▓ Next.js 15.5.14
   - Environments: .env.local

   Creating an optimized production build ...
node.exe : Failed to compile.
At line:1 char:1
+ & "C:\Program Files\nodejs/node.exe" "C:\Program Files\nodejs/node_mo ...
+ ~~~~~~~~~~~~~~~~~~~~~~~~~~~~~~~~~~~~~~~~~~~~~~~~~~~~~~~~~~~~~~~~~~~~~
    + CategoryInfo          : NotSpecified: (Failed to compile.:String) [], Re 
   moteException
    + FullyQualifiedErrorId : NativeCommandError
 

./src/components/discrepancies/discrepancies-client.tsx
Error:   [31mx[0m Return statement is not allowed here
     ,-[[36;1;4mD:\project\auditforge\AuditForge\src\components\discrepancies\
discrepancies-client.tsx[0m:194:1]
 [2m191[0m |       );
 [2m192[0m |     }
 [2m193[0m |     
 [2m194[0m | [35;1m,[0m[35;1m-[0m[35;1m>[0m   return (
 [2m195[0m | [35;1m|[0m       <div className="space-y-6">
 [2m196[0m | [35;1m|[0m         <div className="flex flex-col gap-4 
lg:flex-row lg:items-end lg:justify-between">
 [2m197[0m | [35;1m|[0m           <div>
 [2m198[0m | [35;1m|[0m             <h2 className="text-2xl 
font-semibold">Sai lß╗çch dß╗» liß╗çu</h2>
 [2m199[0m | [35;1m|[0m             <p className="text-sm 
text-mutedFg">Danh s├ích sai lß╗çch ─æ╞░ß╗úc lß╗ìc theo ngoß║íi lß╗ç v├á ph├ón 
trang tß╗½ MySQL.</p>
 [2m200[0m | [35;1m|[0m           </div>
 [2m201[0m | [35;1m|[0m           <div className="grid gap-3 
sm:grid-cols-3 lg:min-w-[720px]">
 [2m202[0m | [35;1m|[0m             <Input placeholder="T├¼m theo ─æß╗ïnh 
danh, nguß╗ôn hoß║╖c m├┤ tß║ú" value={search} onChange={(event) => 
setSearch(event.target.value)} />
 [2m203[0m | [35;1m|[0m             <Select value={objectType} 
onChange={(event) => setObjectType(event.target.value as typeof objectType)}>
 [2m204[0m | [35;1m|[0m               <option value="all">Tß║Ñt cß║ú 
loß║íi ─æß╗æi t╞░ß╗úng</option>
 [2m205[0m | [35;1m|[0m               <option value="vm">M├íy ß║úo</option>
 [2m206[0m | [35;1m|[0m               <option value="host">M├íy 
chß╗º</option>
 [2m207[0m | [35;1m|[0m               <option value="lun">LUN / 
Volume</option>
 [2m208[0m | [35;1m|[0m             </Select>
 [2m209[0m | [35;1m|[0m             <Select value={type} onChange={(event) 
=> setType(event.target.value as typeof type)}>
 [2m210[0m | [35;1m|[0m               <option value="all">Tß║Ñt cß║ú 
kiß╗âu sai lß╗çch</option>
 [2m211[0m | [35;1m|[0m               <option 
value="missing_in_itop">Thiß║┐u trong iTop</option>
 [2m212[0m | [35;1m|[0m               <option value="extra_in_itop">Thß╗½a 
trong iTop</option>
 [2m213[0m | [35;1m|[0m               <option value="field_mismatch">Sai 
kh├íc tr╞░ß╗¥ng</option>
 [2m214[0m | [35;1m|[0m             </Select>
 [2m215[0m | [35;1m|[0m           </div>
 [2m216[0m | [35;1m|[0m         </div>
 [2m217[0m | [35;1m|[0m   
 [2m218[0m | [35;1m|[0m         <Card>
 [2m219[0m | [35;1m|[0m           <div className="flex items-center 
justify-between gap-4">
 [2m220[0m | [35;1m|[0m             <div>
 [2m221[0m | [35;1m|[0m               <h3 className="text-base 
font-semibold">Danh s├ích sai lß╗çch</h3>
 [2m222[0m | [35;1m|[0m               <p className="text-sm 
text-mutedFg">Danh s├ích full width, thao t├íc th├¬m ngoß║íi lß╗ç trß╗▒c 
tiß║┐p tr├¬n tß╗½ng d├▓ng.</p>
 [2m223[0m | [35;1m|[0m             </div>
 [2m224[0m | [35;1m|[0m             <Button variant="ghost" onClick={() => 
void loadItems(pageData.page)}>Tß║úi lß║íi</Button>
 [2m225[0m | [35;1m|[0m           </div>
 [2m226[0m | [35;1m|[0m   
 [2m227[0m | [35;1m|[0m           {error ? <div className="mt-4 rounded-xl 
border border-danger/40 bg-danger/10 p-3 text-sm text-danger">{error}</div> : 
null}
 [2m228[0m | [35;1m|[0m           {loading ? <p className="mt-4 text-sm 
text-mutedFg">─Éang tß║úi dß╗» liß╗çu...</p> : null}
 [2m229[0m | [35;1m|[0m   
 [2m230[0m | [35;1m|[0m           <div className="mt-4 overflow-hidden 
rounded-xl border border-border">
 [2m231[0m | [35;1m|[0m             <table className="w-full text-left 
text-sm">
 [2m232[0m | [35;1m|[0m               <thead className="bg-black/15 
text-mutedFg">
 [2m233[0m | [35;1m|[0m                 <tr>
 [2m234[0m | [35;1m|[0m                   <th className="px-4 
py-3">─Éß╗ïnh danh</th>
 [2m235[0m | [35;1m|[0m                   <th className="px-4 
py-3">Loß║íi</th>
 [2m236[0m | [35;1m|[0m                   <th className="px-4 
py-3">Nguß╗ôn</th>
 [2m237[0m | [35;1m|[0m                   <th className="px-4 py-3">Mß╗⌐c 
─æß╗Ö</th>
 [2m238[0m | [35;1m|[0m                   <th className="px-4 py-3">Thao 
t├íc</th>
 [2m239[0m | [35;1m|[0m                 </tr>
 [2m240[0m | [35;1m|[0m               </thead>
 [2m241[0m | [35;1m|[0m               <tbody>
 [2m242[0m | [35;1m|[0m                 {pageData.items.map((item) => (
 [2m243[0m | [35;1m|[0m                   <tr key={item.id} 
className="border-t border-border/70">
 [2m244[0m | [35;1m|[0m                     <td className="px-4 py-4">
 [2m245[0m | [35;1m|[0m                       <div 
className="font-medium">{item.identifier}</div>
 [2m246[0m | [35;1m|[0m                       <div className="text-xs 
text-mutedFg">{item.summary}</div>
 [2m247[0m | [35;1m|[0m                     </td>
 [2m248[0m | [35;1m|[0m                     <td className="px-4 py-4 
uppercase text-mutedFg">{item.type.replaceAll('_', ' ')}</td>
 [2m249[0m | [35;1m|[0m                     <td className="px-4 
py-4">{item.sourceSystem}</td>
 [2m250[0m | [35;1m|[0m                     <td className="px-4 
py-4">{item.severity}</td>
 [2m251[0m | [35;1m|[0m                     <td className="px-4 py-4">
 [2m252[0m | [35;1m|[0m                       <div className="flex 
flex-nowrap gap-2">
 [2m253[0m | [35;1m|[0m                         <Button type="button" 
variant="secondary" onClick={() => void handleAddException(item)}>Th├¬m 
ngoß║íi lß╗ç</Button>
 [2m254[0m | [35;1m|[0m                       </div>
 [2m255[0m | [35;1m|[0m                     </td>
 [2m256[0m | [35;1m|[0m                   </tr>
 [2m257[0m | [35;1m|[0m                 ))}
 [2m258[0m | [35;1m|[0m               </tbody>
 [2m259[0m | [35;1m|[0m             </table>
 [2m260[0m | [35;1m|[0m           </div>
 [2m261[0m | [35;1m|[0m   
 [2m262[0m | [35;1m|[0m           <div className="mt-4 flex items-center 
justify-between gap-4 text-sm text-mutedFg">
 [2m263[0m | [35;1m|[0m             <span>Trang {pageData.page} / 
{totalPages} ┬╖ Tß╗òng {pageData.total} bß║ún ghi</span>
 [2m264[0m | [35;1m|[0m             <div className="flex gap-2">
 [2m265[0m | [35;1m|[0m               <Button type="button" 
variant="secondary" disabled={pageData.page <= 1} onClick={() => void 
loadItems(pageData.page - 1)}>Tr╞░ß╗¢c</Button>
 [2m266[0m | [35;1m|[0m               <Button type="button" 
variant="secondary" disabled={pageData.page >= totalPages} onClick={() => void 
loadItems(pageData.page + 1)}>Sau</Button>
 [2m267[0m | [35;1m|[0m             </div>
 [2m268[0m | [35;1m|[0m           </div>
 [2m269[0m | [35;1m|[0m         </Card>
 [2m270[0m | [35;1m|[0m       </div>
 [2m271[0m | [35;1m`[0m[35;1m-[0m[35;1m>[0m   );
 [2m272[0m |     }
     `----
  [31mx[0m Expression expected
     ,-[[36;1;4mD:\project\auditforge\AuditForge\src\components\discrepancies\
discrepancies-client.tsx[0m:272:1]
 [2m269[0m |       </Card>
 [2m270[0m |     </div>
 [2m271[0m |   );
 [2m272[0m | }
     : [35;1m^[0m
     `----

Caused by:
    Syntax Error

Import trace for requested module:
./src/components/discrepancies/discrepancies-client.tsx
./src/app/discrepancies/page.tsx

./src/components/exceptions/exceptions-client.tsx
Error:   [31mx[0m Return statement is not allowed here
     ,-[[36;1;4mD:\project\auditforge\AuditForge\src\components\exceptions\exc
eptions-client.tsx[0m:373:1]
 [2m370[0m |         }
 [2m371[0m |       }
 [2m372[0m |     
 [2m373[0m | [35;1m,[0m[35;1m-[0m[35;1m>[0m   return (
 [2m374[0m | [35;1m|[0m       <div className="mx-auto w-full 
max-w-[1500px]">
 [2m375[0m | [35;1m|[0m         <Card>
 [2m376[0m | [35;1m|[0m           <div className="flex flex-col gap-4 
lg:flex-row lg:items-center lg:justify-between">
 [2m377[0m | [35;1m|[0m             <div>
 [2m378[0m | [35;1m|[0m               <h3 className="text-base 
font-semibold">Danh s├ích ngoß║íi lß╗ç</h3>
 [2m379[0m | [35;1m|[0m               <p className="text-sm 
text-mutedFg">Quß║ún l├╜ c├íc bß║ún ghi loß║íi trß╗½ khß╗Åi danh s├ích sai 
lß╗çch.</p>
 [2m380[0m | [35;1m|[0m             </div>
 [2m381[0m | [35;1m|[0m             <form className="flex gap-2" 
onSubmit={handleSearch}>
 [2m382[0m | [35;1m|[0m               <Input placeholder="T├¼m kiß║┐m" 
value={search} onChange={(event) => setSearch(event.target.value)} />
 [2m383[0m | [35;1m|[0m               <Button type="submit" 
variant="secondary">Lß╗ìc</Button>
 [2m384[0m | [35;1m|[0m             </form>
 [2m385[0m | [35;1m|[0m           </div>
 [2m386[0m | [35;1m|[0m   
 [2m387[0m | [35;1m|[0m           {error ? <div className="mt-4 rounded-xl 
border border-danger/40 bg-danger/10 p-3 text-sm text-danger">{error}</div> : 
null}
 [2m388[0m | [35;1m|[0m           {loading ? <p className="mt-4 text-sm 
text-mutedFg">─Éang tß║úi dß╗» liß╗çu...</p> : null}
 [2m389[0m | [35;1m|[0m   
 [2m390[0m | [35;1m|[0m           <div className="mt-4 overflow-hidden 
rounded-xl border border-border">
 [2m391[0m | [35;1m|[0m             <table className="w-full text-left 
text-sm">
 [2m392[0m | [35;1m|[0m               <thead className="bg-black/15 
text-mutedFg">
 [2m393[0m | [35;1m|[0m                 <tr>
 [2m394[0m | [35;1m|[0m                   <th className="px-4 
py-3">─Éß╗ïnh danh</th>
 [2m395[0m | [35;1m|[0m                   <th className="px-4 
py-3">Loß║íi</th>
 [2m396[0m | [35;1m|[0m                   <th className="px-4 
py-3">Nguß╗ôn</th>
 [2m397[0m | [35;1m|[0m                   <th className="px-4 py-3">L├╜ 
do</th>
 [2m398[0m | [35;1m|[0m                   <th className="px-4 py-3">Thao 
t├íc</th>
 [2m399[0m | [35;1m|[0m                 </tr>
 [2m400[0m | [35;1m|[0m               </thead>
 [2m401[0m | [35;1m|[0m               <tbody>
 [2m402[0m | [35;1m|[0m                 {items.map((item) => (
 [2m403[0m | [35;1m|[0m                   <tr key={item.id} 
className="border-t border-border/70">
 [2m404[0m | [35;1m|[0m                     <td className="px-4 py-4">
 [2m405[0m | [35;1m|[0m                       <div className="font-medium 
truncate">{item.identifier}</div>
 [2m406[0m | [35;1m|[0m                       <div className="text-xs 
text-mutedFg truncate">Ng╞░ß╗¥i tß║ío: {item.createdBy}</div>
 [2m407[0m | [35;1m|[0m                     </td>
 [2m408[0m | [35;1m|[0m                     <td className="px-4 py-4 
text-mutedFg uppercase text-xs">{item.objectType}</td>
 [2m409[0m | [35;1m|[0m                     <td className="px-4 py-4 
text-mutedFg text-sm">{item.sourceSystem}</td>
 [2m410[0m | [35;1m|[0m                     <td className="px-4 py-4 
truncate text-sm">{item.reason}</td>
 [2m411[0m | [35;1m|[0m                     <td className="px-4 py-4">
 [2m412[0m | [35;1m|[0m                       <div className="flex 
flex-nowrap gap-2">
 [2m413[0m | [35;1m|[0m                         <Button 
className="text-xs" type="button" variant="ghost" onClick={() => 
startEdit(item)}>Sß╗¡a</Button>
 [2m414[0m | [35;1m|[0m                         <Button 
className="text-xs" type="button" variant="danger" onClick={() => void 
handleDelete(item.id)}>X├│a</Button>
 [2m415[0m | [35;1m|[0m                       </div>
 [2m416[0m | [35;1m|[0m                     </td>
 [2m417[0m | [35;1m|[0m                   </tr>
 [2m418[0m | [35;1m|[0m                 ))}
 [2m419[0m | [35;1m|[0m               </tbody>
 [2m420[0m | [35;1m|[0m             </table>
 [2m421[0m | [35;1m|[0m           </div>
 [2m422[0m | [35;1m|[0m         </Card>
 [2m423[0m | [35;1m|[0m   
 [2m424[0m | [35;1m|[0m         <button
 [2m425[0m | [35;1m|[0m           type="button"
 [2m426[0m | [35;1m|[0m           aria-label="Th├¬m ngoß║íi lß╗ç"
 [2m427[0m | [35;1m|[0m           className="fixed bottom-8 right-8 z-40 
inline-flex h-14 w-14 items-center justify-center rounded-full bg-accent 
text-accentFg text-3xl leading-none shadow-soft transition hover:opacity-90"
 [2m428[0m | [35;1m|[0m           onClick={openCreateModal}
 [2m429[0m | [35;1m|[0m         >
 [2m430[0m | [35;1m|[0m           +
 [2m431[0m | [35;1m|[0m         </button>
 [2m432[0m | [35;1m|[0m   
 [2m433[0m | [35;1m|[0m         {formModalOpen ? (
 [2m434[0m | [35;1m|[0m           <div className="fixed inset-0 z-40 flex 
items-center justify-center bg-black/50 p-4">
 [2m435[0m | [35;1m|[0m             <div className="w-full max-w-2xl 
rounded-2xl border border-border bg-panel p-5 shadow-soft">
 [2m436[0m | [35;1m|[0m               <div className="flex items-start 
justify-between gap-3">
 [2m437[0m | [35;1m|[0m                 <div>
 [2m438[0m | [35;1m|[0m                   <h4 className="text-lg 
font-semibold">{editingId ? 'Chß╗ënh sß╗¡a ngoß║íi lß╗ç' : 'Th├¬m ngoß║íi 
lß╗ç'}</h4>
 [2m439[0m | [35;1m|[0m                   <p className="mt-1 text-sm 
text-mutedFg">Loß║íi trß╗½ bß║ún ghi r├íc hoß║╖c dß╗» liß╗çu kh├┤ng cß║ºn 
─æß╗ông bß╗Ö.</p>
 [2m440[0m | [35;1m|[0m                 </div>
 [2m441[0m | [35;1m|[0m                 <Button type="button" 
variant="ghost" onClick={closeFormModal} disabled={saving}>─É├│ng</Button>
 [2m442[0m | [35;1m|[0m               </div>
 [2m443[0m | [35;1m|[0m   
 [2m444[0m | [35;1m|[0m               {error ? <div className="mt-4 
rounded-xl border border-danger/40 bg-danger/10 p-3 text-sm 
text-danger">{error}</div> : null}
 [2m445[0m | [35;1m|[0m   
 [2m446[0m | [35;1m|[0m               <form className="mt-4 space-y-3" 
onSubmit={handleSubmit}>
 [2m447[0m | [35;1m|[0m                 <div className="grid grid-cols-1 
gap-3 sm:grid-cols-2">
 [2m448[0m | [35;1m|[0m                   <Select value={form.objectType} 
onChange={(event) => setForm({ ...form, objectType: event.target.value as 
FormState['objectType'] })}>
 [2m449[0m | [35;1m|[0m                     <option value="vm">M├íy 
ß║úo</option>
 [2m450[0m | [35;1m|[0m                     <option value="host">M├íy 
chß╗º</option>
 [2m451[0m | [35;1m|[0m                     <option value="lun">LUN / 
Volume</option>
 [2m452[0m | [35;1m|[0m                   </Select>
 [2m453[0m | [35;1m|[0m                   <Input placeholder="─Éß╗ïnh danh 
─æß╗æi t╞░ß╗úng" value={form.identifier} onChange={(event) => setForm({ 
...form, identifier: event.target.value })} />
 [2m454[0m | [35;1m|[0m                 </div>
 [2m455[0m | [35;1m|[0m                 <Input placeholder="Hß╗ç thß╗æng 
nguß╗ôn" value={form.sourceSystem} onChange={(event) => setForm({ ...form, 
sourceSystem: event.target.value })} />
 [2m456[0m | [35;1m|[0m                 <div className="grid grid-cols-1 
gap-3 sm:grid-cols-2">
 [2m457[0m | [35;1m|[0m                   <Input placeholder="L├╜ do 
ngoß║íi lß╗ç" value={form.reason} onChange={(event) => setForm({ ...form, 
reason: event.target.value })} />
 [2m458[0m | [35;1m|[0m                   <Input placeholder="Ng╞░ß╗¥i 
tß║ío" value={form.createdBy} onChange={(event) => setForm({ ...form, 
createdBy: event.target.value })} />
 [2m459[0m | [35;1m|[0m                 </div>
 [2m460[0m | [35;1m|[0m                 <div className="flex flex-wrap 
gap-3">
 [2m461[0m | [35;1m|[0m                   <Button type="submit" 
disabled={saving}>{saving ? '─Éang l╞░u...' : 'L╞░u ngoß║íi lß╗ç'}</Button>
 [2m462[0m | [35;1m|[0m                 </div>
 [2m463[0m | [35;1m|[0m               </form>
 [2m464[0m | [35;1m|[0m             </div>
 [2m465[0m | [35;1m|[0m           </div>
 [2m466[0m | [35;1m|[0m         ) : null}
 [2m467[0m | [35;1m|[0m       </div>
 [2m468[0m | [35;1m`[0m[35;1m-[0m[35;1m>[0m   );
 [2m469[0m |     }
     `----
  [31mx[0m Expression expected
     ,-[[36;1;4mD:\project\auditforge\AuditForge\src\components\exceptions\exc
eptions-client.tsx[0m:469:1]
 [2m466[0m |       ) : null}
 [2m467[0m |     </div>
 [2m468[0m |   );
 [2m469[0m | }
     : [35;1m^[0m
     `----

Caused by:
    Syntax Error

Import trace for requested module:
./src/components/exceptions/exceptions-client.tsx
./src/app/exceptions/page.tsx


> Build failed because of webpack errors
